[1m[33m[33m▲ [43;33m[[43;30mWARNING[43;33m][0m [1mNG8113: RouterLink is not used within the template of AgregarProducto[0m [1m[35m[plugin angular-compiler][0m

    src/app/features/agregar-producto/agregar-producto.ts:27:47:
[37m      27 │ ...dule, ReactiveFormsModule, [32mRouterLink[37m, LucideAngularModule, Nid...
         ╵                               [32m~~~~~~~~~~[0m


[33m▲ [43;33m[[43;30mWARNING[43;33m][0m [1mNG8113: RouterLink is not used within the template of ProductDetail[0m [1m[35m[plugin angular-compiler][0m

    src/app/features/alacena/product-detail/product-detail.ts:117:47:
[37m      117 │ ...[CommonModule, LucideAngularModule, [32mRouterLink[37m, AgregarProducto],
          ╵                                        [32m~~~~~~~~~~[0m


[33m▲ [43;33m[[43;30mWARNING[43;33m][0m [1mNG8113: RouterLink is not used within the template of PerfilComponent[0m [1m[35m[plugin angular-compiler][0m

    src/app/features/perfil/perfil.ts:15:26:
[37m      15 │   imports: [CommonModule, [32mRouterLink[37m, StatCard, PreferenceCard, Lu...
         ╵                           [32m~~~~~~~~~~[0m


[33m▲ [43;33m[[43;30mWARNING[43;33m][0m [1mNG8113: RouterLink is not used within the template of Tareas[0m [1m[35m[plugin angular-compiler][0m

    src/app/features/tareas/tareas.ts:24:39:
[37m      24 │ ...CommonModule, FormsModule, [32mRouterLink[37m, LucideAngularModule, Nid...
         ╵                               [32m~~~~~~~~~~[0m


[33m▲ [43;33m[[43;30mWARNING[43;33m][0m [1mDeprecation[0m [1m[35m[plugin angular-sass][0m

    src/styles.scss:2:8:
[37m      2 │ @import [32m[37m"tailwindcss";
        ╵         [32m^[0m


  Sass @import rules are deprecated and will be removed in Dart Sass 3.0.0.
  
  More info and automated migrator: [4mhttps://sass-lang.com/d/import[0m

  The plugin "angular-sass" was triggered by this import

    angular:styles/global:styles:1:8:
[37m      1 │ @import [32m'src/styles.scss'[37m;
        ╵         [32m~~~~~~~~~~~~~~~~~[0m

[39m[22m
[1m[33m[33m▲ [43;33m[[43;30mWARNING[43;33m][0m [1mDeprecation[0m [1m[35m[plugin angular-sass][0m

    src/styles.scss:2:8:
[37m      2 │ @import [32m[37m"tailwindcss";
        ╵         [32m^[0m


  Sass @import rules are deprecated and will be removed in Dart Sass 3.0.0.
  
  More info and automated migrator: [4mhttps://sass-lang.com/d/import[0m

  The plugin "angular-sass" was triggered by this import

    angular:styles/global:styles:1:8:
[37m      1 │ @import [32m'src/styles.scss'[37m;
        ╵         [32m~~~~~~~~~~~~~~~~~[0m


[33m▲ [43;33m[[43;30mWARNING[43;33m][0m [1mNG8113: RouterLink is not used within the template of AgregarProducto[0m [1m[35m[plugin angular-compiler][0m

    src/app/features/agregar-producto/agregar-producto.ts:27:47:
[37m      27 │ ...dule, ReactiveFormsModule, [32mRouterLink[37m, LucideAngularModule, Nid...
         ╵                               [32m~~~~~~~~~~[0m


[33m▲ [43;33m[[43;30mWARNING[43;33m][0m [1mNG8113: RouterLink is not used within the template of ProductDetail[0m [1m[35m[plugin angular-compiler][0m

    src/app/features/alacena/product-detail/product-detail.ts:117:47:
[37m      117 │ ...[CommonModule, LucideAngularModule, [32mRouterLink[37m, AgregarProducto],
          ╵                                        [32m~~~~~~~~~~[0m


[33m▲ [43;33m[[43;30mWARNING[43;33m][0m [1mNG8113: RouterLink is not used within the template of PerfilComponent[0m [1m[35m[plugin angular-compiler][0m

    src/app/features/perfil/perfil.ts:15:26:
[37m      15 │   imports: [CommonModule, [32mRouterLink[37m, StatCard, PreferenceCard, Lu...
         ╵                           [32m~~~~~~~~~~[0m


[33m▲ [43;33m[[43;30mWARNING[43;33m][0m [1mNG8113: RouterLink is not used within the template of Tareas[0m [1m[35m[plugin angular-compiler][0m

    src/app/features/tareas/tareas.ts:24:39:
[37m      24 │ ...CommonModule, FormsModule, [32mRouterLink[37m, LucideAngularModule, Nid...
         ╵                               [32m~~~~~~~~~~[0m

[39m[22m
[1m[33m[33m▲ [43;33m[[43;30mWARNING[43;33m][0m [1mDeprecation[0m [1m[35m[plugin angular-sass][0m

    src/styles.scss:2:8:
[37m      2 │ @import [32m[37m"tailwindcss";
        ╵         [32m^[0m


  Sass @import rules are deprecated and will be removed in Dart Sass 3.0.0.
  
  More info and automated migrator: [4mhttps://sass-lang.com/d/import[0m

  The plugin "angular-sass" was triggered by this import

    angular:styles/global:styles:1:8:
[37m      1 │ @import [32m'src/styles.scss'[37m;
        ╵         [32m~~~~~~~~~~~~~~~~~[0m


[33m▲ [43;33m[[43;30mWARNING[43;33m][0m [1mNG8113: RouterLink is not used within the template of AgregarProducto[0m [1m[35m[plugin angular-compiler][0m

    src/app/features/agregar-producto/agregar-producto.ts:27:47:
[37m      27 │ ...dule, ReactiveFormsModule, [32mRouterLink[37m, LucideAngularModule, Nid...
         ╵                               [32m~~~~~~~~~~[0m


[33m▲ [43;33m[[43;30mWARNING[43;33m][0m [1mNG8113: RouterLink is not used within the template of ProductDetail[0m [1m[35m[plugin angular-compiler][0m

    src/app/features/alacena/product-detail/product-detail.ts:117:47:
[37m      117 │ ...[CommonModule, LucideAngularModule, [32mRouterLink[37m, AgregarProducto],
          ╵                                        [32m~~~~~~~~~~[0m


[33m▲ [43;33m[[43;30mWARNING[43;33m][0m [1mNG8113: RouterLink is not used within the template of PerfilComponent[0m [1m[35m[plugin angular-compiler][0m

    src/app/features/perfil/perfil.ts:15:26:
[37m      15 │   imports: [CommonModule, [32mRouterLink[37m, StatCard, PreferenceCard, Lu...
         ╵                           [32m~~~~~~~~~~[0m


[33m▲ [43;33m[[43;30mWARNING[43;33m][0m [1mNG8113: RouterLink is not used within the template of Tareas[0m [1m[35m[plugin angular-compiler][0m

    src/app/features/tareas/tareas.ts:24:39:
[37m      24 │ ...CommonModule, FormsModule, [32mRouterLink[37m, LucideAngularModule, Nid...
         ╵                               [32m~~~~~~~~~~[0m

[39m[22m
[1m[33m[33m▲ [43;33m[[43;30mWARNING[43;33m][0m [1mDeprecation[0m [1m[35m[plugin angular-sass][0m

    src/styles.scss:2:8:
[37m      2 │ @import [32m[37m"tailwindcss";
        ╵         [32m^[0m


  Sass @import rules are deprecated and will be removed in Dart Sass 3.0.0.
  
  More info and automated migrator: [4mhttps://sass-lang.com/d/import[0m

  The plugin "angular-sass" was triggered by this import

    angular:styles/global:styles:1:8:
[37m      1 │ @import [32m'src/styles.scss'[37m;
        ╵         [32m~~~~~~~~~~~~~~~~~[0m


[33m▲ [43;33m[[43;30mWARNING[43;33m][0m [1mNG8113: RouterLink is not used within the template of AgregarProducto[0m [1m[35m[plugin angular-compiler][0m

    src/app/features/agregar-producto/agregar-producto.ts:27:47:
[37m      27 │ ...dule, ReactiveFormsModule, [32mRouterLink[37m, LucideAngularModule, Nid...
         ╵                               [32m~~~~~~~~~~[0m


[33m▲ [43;33m[[43;30mWARNING[43;33m][0m [1mNG8113: RouterLink is not used within the template of ProductDetail[0m [1m[35m[plugin angular-compiler][0m

    src/app/features/alacena/product-detail/product-detail.ts:117:47:
[37m      117 │ ...[CommonModule, LucideAngularModule, [32mRouterLink[37m, AgregarProducto],
          ╵                                        [32m~~~~~~~~~~[0m


[33m▲ [43;33m[[43;30mWARNING[43;33m][0m [1mNG8113: RouterLink is not used within the template of PerfilComponent[0m [1m[35m[plugin angular-compiler][0m

    src/app/features/perfil/perfil.ts:15:26:
[37m      15 │   imports: [CommonModule, [32mRouterLink[37m, StatCard, PreferenceCard, Lu...
         ╵                           [32m~~~~~~~~~~[0m


[33m▲ [43;33m[[43;30mWARNING[43;33m][0m [1mNG8113: RouterLink is not used within the template of Tareas[0m [1m[35m[plugin angular-compiler][0m

    src/app/features/tareas/tareas.ts:24:39:
[37m      24 │ ...CommonModule, FormsModule, [32mRouterLink[37m, LucideAngularModule, Nid...
         ╵                               [32m~~~~~~~~~~[0m

[39m[22m
[1m[33m[33m▲ [43;33m[[43;30mWARNING[43;33m][0m [1mDeprecation[0m [1m[35m[plugin angular-sass][0m

    src/styles.scss:2:8:
[37m      2 │ @import [32m[37m"tailwindcss";
        ╵         [32m^[0m


  Sass @import rules are deprecated and will be removed in Dart Sass 3.0.0.
  
  More info and automated migrator: [4mhttps://sass-lang.com/d/import[0m

  The plugin "angular-sass" was triggered by this import

    angular:styles/global:styles:1:8:
[37m      1 │ @import [32m'src/styles.scss'[37m;
        ╵         [32m~~~~~~~~~~~~~~~~~[0m


[33m▲ [43;33m[[43;30mWARNING[43;33m][0m [1mNG8113: RouterLink is not used within the template of AgregarProducto[0m [1m[35m[plugin angular-compiler][0m

    src/app/features/agregar-producto/agregar-producto.ts:27:47:
[37m      27 │ ...dule, ReactiveFormsModule, [32mRouterLink[37m, LucideAngularModule, Nid...
         ╵                               [32m~~~~~~~~~~[0m


[33m▲ [43;33m[[43;30mWARNING[43;33m][0m [1mNG8113: RouterLink is not used within the template of ProductDetail[0m [1m[35m[plugin angular-compiler][0m

    src/app/features/alacena/product-detail/product-detail.ts:117:47:
[37m      117 │ ...[CommonModule, LucideAngularModule, [32mRouterLink[37m, AgregarProducto],
          ╵                                        [32m~~~~~~~~~~[0m


[33m▲ [43;33m[[43;30mWARNING[43;33m][0m [1mNG8113: RouterLink is not used within the template of PerfilComponent[0m [1m[35m[plugin angular-compiler][0m

    src/app/features/perfil/perfil.ts:15:26:
[37m      15 │   imports: [CommonModule, [32mRouterLink[37m, StatCard, PreferenceCard, Lu...
         ╵                           [32m~~~~~~~~~~[0m


[33m▲ [43;33m[[43;30mWARNING[43;33m][0m [1mNG8113: RouterLink is not used within the template of Tareas[0m [1m[35m[plugin angular-compiler][0m

    src/app/features/tareas/tareas.ts:24:39:
[37m      24 │ ...CommonModule, FormsModule, [32mRouterLink[37m, LucideAngularModule, Nid...
         ╵                               [32m~~~~~~~~~~[0m

[39m[22m
[1m[33m[33m▲ [43;33m[[43;30mWARNING[43;33m][0m [1mDeprecation[0m [1m[35m[plugin angular-sass][0m

    src/styles.scss:2:8:
[37m      2 │ @import [32m[37m"tailwindcss";
        ╵         [32m^[0m


  Sass @import rules are deprecated and will be removed in Dart Sass 3.0.0.
  
  More info and automated migrator: [4mhttps://sass-lang.com/d/import[0m

  The plugin "angular-sass" was triggered by this import

    angular:styles/global:styles:1:8:
[37m      1 │ @import [32m'src/styles.scss'[37m;
        ╵         [32m~~~~~~~~~~~~~~~~~[0m


[33m▲ [43;33m[[43;30mWARNING[43;33m][0m [1mNG8113: RouterLink is not used within the template of AgregarProducto[0m [1m[35m[plugin angular-compiler][0m

    src/app/features/agregar-producto/agregar-producto.ts:27:47:
[37m      27 │ ...dule, ReactiveFormsModule, [32mRouterLink[37m, LucideAngularModule, Nid...
         ╵                               [32m~~~~~~~~~~[0m


[33m▲ [43;33m[[43;30mWARNING[43;33m][0m [1mNG8113: RouterLink is not used within the template of ProductDetail[0m [1m[35m[plugin angular-compiler][0m

    src/app/features/alacena/product-detail/product-detail.ts:117:47:
[37m      117 │ ...[CommonModule, LucideAngularModule, [32mRouterLink[37m, AgregarProducto],
          ╵                                        [32m~~~~~~~~~~[0m


[33m▲ [43;33m[[43;30mWARNING[43;33m][0m [1mNG8113: RouterLink is not used within the template of PerfilComponent[0m [1m[35m[plugin angular-compiler][0m

    src/app/features/perfil/perfil.ts:15:26:
[37m      15 │   imports: [CommonModule, [32mRouterLink[37m, StatCard, PreferenceCard, Lu...
         ╵                           [32m~~~~~~~~~~[0m


[33m▲ [43;33m[[43;30mWARNING[43;33m][0m [1mNG8113: RouterLink is not used within the template of Tareas[0m [1m[35m[plugin angular-compiler][0m

    src/app/features/tareas/tareas.ts:24:39:
[37m      24 │ ...CommonModule, FormsModule, [32mRouterLink[37m, LucideAngularModule, Nid...
         ╵                               [32m~~~~~~~~~~[0m

[39m[22m
[1m[33m[33m▲ [43;33m[[43;30mWARNING[43;33m][0m [1mDeprecation[0m [1m[35m[plugin angular-sass][0m

    src/styles.scss:2:8:
[37m      2 │ @import [32m[37m"tailwindcss";
        ╵         [32m^[0m


  Sass @import rules are deprecated and will be removed in Dart Sass 3.0.0.
  
  More info and automated migrator: [4mhttps://sass-lang.com/d/import[0m

  The plugin "angular-sass" was triggered by this import

    angular:styles/global:styles:1:8:
[37m      1 │ @import [32m'src/styles.scss'[37m;
        ╵         [32m~~~~~~~~~~~~~~~~~[0m


[33m▲ [43;33m[[43;30mWARNING[43;33m][0m [1mNG8113: RouterLink is not used within the template of AgregarProducto[0m [1m[35m[plugin angular-compiler][0m

    src/app/features/agregar-producto/agregar-producto.ts:27:47:
[37m      27 │ ...dule, ReactiveFormsModule, [32mRouterLink[37m, LucideAngularModule, Nid...
         ╵                               [32m~~~~~~~~~~[0m


[33m▲ [43;33m[[43;30mWARNING[43;33m][0m [1mNG8113: RouterLink is not used within the template of ProductDetail[0m [1m[35m[plugin angular-compiler][0m

    src/app/features/alacena/product-detail/product-detail.ts:117:47:
[37m      117 │ ...[CommonModule, LucideAngularModule, [32mRouterLink[37m, AgregarProducto],
          ╵                                        [32m~~~~~~~~~~[0m


[33m▲ [43;33m[[43;30mWARNING[43;33m][0m [1mNG8113: RouterLink is not used within the template of PerfilComponent[0m [1m[35m[plugin angular-compiler][0m

    src/app/features/perfil/perfil.ts:15:26:
[37m      15 │   imports: [CommonModule, [32mRouterLink[37m, StatCard, PreferenceCard, Lu...
         ╵                           [32m~~~~~~~~~~[0m


[33m▲ [43;33m[[43;30mWARNING[43;33m][0m [1mNG8113: RouterLink is not used within the template of Tareas[0m [1m[35m[plugin angular-compiler][0m

    src/app/features/tareas/tareas.ts:24:39:
[37m      24 │ ...CommonModule, FormsModule, [32mRouterLink[37m, LucideAngularModule, Nid...
         ╵                               [32m~~~~~~~~~~[0m

[39m[22m
[1m[33m[33m▲ [43;33m[[43;30mWARNING[43;33m][0m [1mDeprecation[0m [1m[35m[plugin angular-sass][0m

    src/styles.scss:2:8:
[37m      2 │ @import [32m[37m"tailwindcss";
        ╵         [32m^[0m


  Sass @import rules are deprecated and will be removed in Dart Sass 3.0.0.
  
  More info and automated migrator: [4mhttps://sass-lang.com/d/import[0m

  The plugin "angular-sass" was triggered by this import

    angular:styles/global:styles:1:8:
[37m      1 │ @import [32m'src/styles.scss'[37m;
        ╵         [32m~~~~~~~~~~~~~~~~~[0m


[33m▲ [43;33m[[43;30mWARNING[43;33m][0m [1mNG8113: RouterLink is not used within the template of AgregarProducto[0m [1m[35m[plugin angular-compiler][0m

    src/app/features/agregar-producto/agregar-producto.ts:27:47:
[37m      27 │ ...dule, ReactiveFormsModule, [32mRouterLink[37m, LucideAngularModule, Nid...
         ╵                               [32m~~~~~~~~~~[0m


[33m▲ [43;33m[[43;30mWARNING[43;33m][0m [1mNG8113: RouterLink is not used within the template of ProductDetail[0m [1m[35m[plugin angular-compiler][0m

    src/app/features/alacena/product-detail/product-detail.ts:117:47:
[37m      117 │ ...[CommonModule, LucideAngularModule, [32mRouterLink[37m, AgregarProducto],
          ╵                                        [32m~~~~~~~~~~[0m


[33m▲ [43;33m[[43;30mWARNING[43;33m][0m [1mNG8113: RouterLink is not used within the template of PerfilComponent[0m [1m[35m[plugin angular-compiler][0m

    src/app/features/perfil/perfil.ts:15:26:
[37m      15 │   imports: [CommonModule, [32mRouterLink[37m, StatCard, PreferenceCard, Lu...
         ╵                           [32m~~~~~~~~~~[0m


[33m▲ [43;33m[[43;30mWARNING[43;33m][0m [1mNG8113: RouterLink is not used within the template of Tareas[0m [1m[35m[plugin angular-compiler][0m

    src/app/features/tareas/tareas.ts:24:39:
[37m      24 │ ...CommonModule, FormsModule, [32mRouterLink[37m, LucideAngularModule, Nid...
         ╵                               [32m~~~~~~~~~~[0m

[39m[22m
[1m[33m[33m▲ [43;33m[[43;30mWARNING[43;33m][0m [1mDeprecation[0m [1m[35m[plugin angular-sass][0m

    src/styles.scss:2:8:
[37m      2 │ @import [32m[37m"tailwindcss";
        ╵         [32m^[0m


  Sass @import rules are deprecated and will be removed in Dart Sass 3.0.0.
  
  More info and automated migrator: [4mhttps://sass-lang.com/d/import[0m

  The plugin "angular-sass" was triggered by this import

    angular:styles/global:styles:1:8:
[37m      1 │ @import [32m'src/styles.scss'[37m;
        ╵         [32m~~~~~~~~~~~~~~~~~[0m


[33m▲ [43;33m[[43;30mWARNING[43;33m][0m [1mNG8113: RouterLink is not used within the template of AgregarProducto[0m [1m[35m[plugin angular-compiler][0m

    src/app/features/agregar-producto/agregar-producto.ts:27:47:
[37m      27 │ ...dule, ReactiveFormsModule, [32mRouterLink[37m, LucideAngularModule, Nid...
         ╵                               [32m~~~~~~~~~~[0m


[33m▲ [43;33m[[43;30mWARNING[43;33m][0m [1mNG8113: RouterLink is not used within the template of ProductDetail[0m [1m[35m[plugin angular-compiler][0m

    src/app/features/alacena/product-detail/product-detail.ts:117:47:
[37m      117 │ ...[CommonModule, LucideAngularModule, [32mRouterLink[37m, AgregarProducto],
          ╵                                        [32m~~~~~~~~~~[0m


[33m▲ [43;33m[[43;30mWARNING[43;33m][0m [1mNG8113: RouterLink is not used within the template of PerfilComponent[0m [1m[35m[plugin angular-compiler][0m

    src/app/features/perfil/perfil.ts:15:26:
[37m      15 │   imports: [CommonModule, [32mRouterLink[37m, StatCard, PreferenceCard, Lu...
         ╵                           [32m~~~~~~~~~~[0m


[33m▲ [43;33m[[43;30mWARNING[43;33m][0m [1mNG8113: RouterLink is not used within the template of Tareas[0m [1m[35m[plugin angular-compiler][0m

    src/app/features/tareas/tareas.ts:24:39:
[37m      24 │ ...CommonModule, FormsModule, [32mRouterLink[37m, LucideAngularModule, Nid...
         ╵                               [32m~~~~~~~~~~[0m

[39m[22m
[1m[31m[31mX [41;31m[[41;97mERROR[41;31m][0m [1mTS2339: Property 'nutritionSourceLabel' does not exist on type 'RecipeDetail'.[0m [1m[35m[plugin angular-compiler][0m

    src/app/features/recipes/recipe-detail/recipe-detail.html:67:23:
[37m      67 │                   @if ([32mnutritionSourceLabel[37m(r.fuenteId); as source) {
         ╵                        [32m~~~~~~~~~~~~~~~~~~~~[0m

  Error occurs in the template of component RecipeDetail.

    src/app/features/recipes/recipe-detail/recipe-detail.ts:17:15:
[37m      17 │   templateUrl: [32m'./recipe-detail.html'[37m,
         ╵                [32m~~~~~~~~~~~~~~~~~~~~~~[0m


[31mX [41;31m[[41;97mERROR[41;31m][0m [1mTS2339: Property 'nutritionSourceLabel' does not exist on type 'RecipeDetail'.[0m [1m[35m[plugin angular-compiler][0m

    src/app/features/recipes/recipe-detail/recipe-detail.html:67:23:
[37m      67 │                   @if ([32mnutritionSourceLabel[37m(r.fuenteId); as source) {
         ╵                        [32m~~~~~~~~~~~~~~~~~~~~[0m

  Error occurs in the template of component RecipeDetail.

    src/app/features/recipes/recipe-detail/recipe-detail.ts:17:15:
[37m      17 │   templateUrl: [32m'./recipe-detail.html'[37m,
         ╵                [32m~~~~~~~~~~~~~~~~~~~~~~[0m


[31mX [41;31m[[41;97mERROR[41;31m][0m [1mTS2339: Property 'nutritionSourceLabel' does not exist on type 'RecipeDetail'.[0m [1m[35m[plugin angular-compiler][0m

    src/app/features/recipes/recipe-detail/recipe-detail.html:186:15:
[37m      186 │           @if ([32mnutritionSourceLabel[37m(r.fuenteId); as source) {
          ╵                [32m~~~~~~~~~~~~~~~~~~~~[0m

  Error occurs in the template of component RecipeDetail.

    src/app/features/recipes/recipe-detail/recipe-detail.ts:17:15:
[37m      17 │   templateUrl: [32m'./recipe-detail.html'[37m,
         ╵                [32m~~~~~~~~~~~~~~~~~~~~~~[0m


[31mX [41;31m[[41;97mERROR[41;31m][0m [1mTS2339: Property 'nutritionSourceLabel' does not exist on type 'RecipeDetail'.[0m [1m[35m[plugin angular-compiler][0m

    src/app/features/recipes/recipe-detail/recipe-detail.html:186:15:
[37m      186 │           @if ([32mnutritionSourceLabel[37m(r.fuenteId); as source) {
          ╵                [32m~~~~~~~~~~~~~~~~~~~~[0m

  Error occurs in the template of component RecipeDetail.

    src/app/features/recipes/recipe-detail/recipe-detail.ts:17:15:
[37m      17 │   templateUrl: [32m'./recipe-detail.html'[37m,
         ╵                [32m~~~~~~~~~~~~~~~~~~~~~~[0m

[39m[22m
[1m[33m[33m▲ [43;33m[[43;30mWARNING[43;33m][0m [1mDeprecation[0m [1m[35m[plugin angular-sass][0m

    src/styles.scss:2:8:
[37m      2 │ @import [32m[37m"tailwindcss";
        ╵         [32m^[0m


  Sass @import rules are deprecated and will be removed in Dart Sass 3.0.0.
  
  More info and automated migrator: [4mhttps://sass-lang.com/d/import[0m

  The plugin "angular-sass" was triggered by this import

    angular:styles/global:styles:1:8:
[37m      1 │ @import [32m'src/styles.scss'[37m;
        ╵         [32m~~~~~~~~~~~~~~~~~[0m


[33m▲ [43;33m[[43;30mWARNING[43;33m][0m [1mNG8113: RouterLink is not used within the template of AgregarProducto[0m [1m[35m[plugin angular-compiler][0m

    src/app/features/agregar-producto/agregar-producto.ts:27:47:
[37m      27 │ ...dule, ReactiveFormsModule, [32mRouterLink[37m, LucideAngularModule, Nid...
         ╵                               [32m~~~~~~~~~~[0m


[33m▲ [43;33m[[43;30mWARNING[43;33m][0m [1mNG8113: RouterLink is not used within the template of ProductDetail[0m [1m[35m[plugin angular-compiler][0m

    src/app/features/alacena/product-detail/product-detail.ts:117:47:
[37m      117 │ ...[CommonModule, LucideAngularModule, [32mRouterLink[37m, AgregarProducto],
          ╵                                        [32m~~~~~~~~~~[0m


[33m▲ [43;33m[[43;30mWARNING[43;33m][0m [1mNG8113: RouterLink is not used within the template of PerfilComponent[0m [1m[35m[plugin angular-compiler][0m

    src/app/features/perfil/perfil.ts:15:26:
[37m      15 │   imports: [CommonModule, [32mRouterLink[37m, StatCard, PreferenceCard, Lu...
         ╵                           [32m~~~~~~~~~~[0m


[33m▲ [43;33m[[43;30mWARNING[43;33m][0m [1mNG8113: RouterLink is not used within the template of Tareas[0m [1m[35m[plugin angular-compiler][0m

    src/app/features/tareas/tareas.ts:24:39:
[37m      24 │ ...CommonModule, FormsModule, [32mRouterLink[37m, LucideAngularModule, Nid...
         ╵                               [32m~~~~~~~~~~[0m

[39m[22m
